// Jest Snapshot v1, https://goo.gl/fbAQLP

exports[`WRow.ts should have an w-row class 1`] = `<div class="w-row row row-2"></div>`;
