// Jest Snapshot v1, https://goo.gl/fbAQLP

exports[`PrimarySidebarContainer.vue generate components list 1`] = `
<div
  class="wb-container"
>
  <div
    class="wb-sidebar ma-md pa-lg br-lg"
  >
    <div
      class="w-grid grid cols-2"
    >
      <div
        class="w-col col col-1"
      >
        <h1
          class="text-accent--base font-secondary"
        >
          @way
        </h1>
        <button
          class="border-no pa-xs br-sm accent--base"
        >
          <span
            class="font-secondary"
          >
            light
          </span>
        </button>
      </div>
      <div
        class="w-col col col-1"
      >
        <svg
          aria-hidden="true"
          class="w-sprite"
          fill="#fffccc"
          height="85"
          style="color: rgb(51, 51, 51);"
          width="50"
        >
          <use
            xlink:href="#sprite-logo"
          />
        </svg>
      </div>
    </div>
    <h3
      class="pt-lg"
    >
      Components:
    </h3>
    <ul
      class="pl-md pt-md white--base list-none"
    >
      
      
    </ul>
  </div>
</div>
`;

exports[`PrimarySidebarContainer.vue should have an wb-container class 1`] = `
<div
  class="wb-container"
>
  <div
    class="wb-sidebar ma-md pa-lg br-lg"
  >
    <div
      class="w-grid grid cols-2"
    >
      <div
        class="w-col col col-1"
      >
        <h1
          class="text-accent--base font-secondary"
        >
          @way
        </h1>
        <button
          class="border-no pa-xs br-sm accent--base"
        >
          <span
            class="font-secondary"
          >
            light
          </span>
        </button>
      </div>
      <div
        class="w-col col col-1"
      >
        <svg
          aria-hidden="true"
          class="w-sprite"
          fill="#fffccc"
          height="85"
          style="color: rgb(51, 51, 51);"
          width="50"
        >
          <use
            xlink:href="#sprite-logo"
          />
        </svg>
      </div>
    </div>
    <h3
      class="pt-lg"
    >
      Components:
    </h3>
    <ul
      class="pl-md pt-md white--base list-none"
    >
      
      
    </ul>
  </div>
</div>
`;
