// Jest Snapshot v1, https://goo.gl/fbAQLP

exports[`WContainer.ts should have an w-container class 1`] = `<div class="w-container container-lg"></div>`;
