// Jest Snapshot v1, https://goo.gl/fbAQLP

exports[`WInput.vue should have an w-input class 1`] = `<div class="w-input w-input--lg secondary--base"><input class="w-text font-primary text-primary--base" type="text"></div>`;
