// Jest Snapshot v1, https://goo.gl/fbAQLP

exports[`MainContainer.vue should have an wb-container class 1`] = `
<div class="w-container container-fluid wb-page">
  <div class="w-grid grid cols-12 wb-container">
    <div class="w-col col col-2">
      <div class="wb-container">
        <div class="wb-sidebar ma-md pa-lg br-lg">
          <h2 class="text-accent--base font-secondary">Component</h2>
          <h3 class="pt-lg">Properties:</h3>
          <!--v-if-->
        </div>
      </div>
    </div>
    <div class="w-col col col-8">
      <div class="wb-container">
        <div class="wb-components my-md mx-md pa-lg br-lg flex">
          <div class="wb-component">
            <h3 class="font-secondary">EMPTY</h3>
          </div>
        </div>
      </div>
    </div>
    <div class="w-col col col-2">
      <div class="wb-container">
        <div class="wb-sidebar ma-md pa-lg br-lg">
          <h1 class="text-accent--base font-secondary">@way</h1><svg class="w-sprite" width="128" height="128" aria-hidden="true" style="color: rgb(51, 51, 51);" fill="#fffccc">
            <use xlink:href="#sprite-logo"></use>
          </svg><button class="border-no pa-xs br-sm accent--base"><span class="font-secondary">light</span></button>
          <h3 class="pt-lg">Components:</h3>
          <ul class="pl-md pt-md white--base list-none">
            <li class="text-md pb-md text-primary--accent-1"><span>WApp</span></li>
            <li class="text-md pb-md text-primary--accent-1"><span>WButton</span></li>
            <li class="text-md pb-md text-primary--accent-1"><span>WGrid</span></li>
            <li class="text-md pb-md text-primary--accent-1"><span>WContainer</span></li>
            <li class="text-md pb-md text-primary--accent-1"><span>WRow</span></li>
            <li class="text-md pb-md text-primary--accent-1"><span>WCol</span></li>
          </ul>
        </div>
      </div>
    </div>
  </div>
</div>
`;
